====================================================================================================
BARYON-SAFE FoM AUDIT  --  FoM_3 = 1/sqrt(det Cov(Om, sigma_8, w0)), NULL role
====================================================================================================

### 2000 deg^2
    PS baryon-safe lmax : 860
    HOS scale set       : scales234
    Power spectrum   l37-860    n= 8  FoM3 pooled=2.2755e+04  per-seed mean=2.3308e+04 +/- 2.877e+03   x1.00 vs PS
    Peak counts      scales234  n= 6  FoM3 pooled=1.0402e+04  per-seed mean=1.0645e+04 +/- 1.367e+03   x0.46 vs PS
    L1 norm          scales234  n= 5  FoM3 pooled=2.6131e+04  per-seed mean=2.6820e+04 +/- 2.407e+03   x1.15 vs PS

### 5000 deg^2
    PS baryon-safe lmax : 580
    HOS scale set       : scales234
    Power spectrum   l37-580    n= 5  FoM3 pooled=4.8792e+04  per-seed mean=5.0073e+04 +/- 6.140e+03   x1.00 vs PS
    Peak counts      scales234  n= 6  FoM3 pooled=3.9148e+04  per-seed mean=4.0630e+04 +/- 5.272e+03   x0.81 vs PS
    L1 norm          scales234  n= 5  FoM3 pooled=9.9119e+04  per-seed mean=1.0287e+05 +/- 3.808e+03   x2.05 vs PS

### 10000 deg^2
    PS baryon-safe lmax : 540
    HOS scale set       : scales234
    Power spectrum   l37-540    n= 5  FoM3 pooled=1.1296e+05  per-seed mean=1.1738e+05 +/- 1.591e+04   x1.00 vs PS
    Peak counts      scales234  n= 6  FoM3 pooled=8.8642e+04  per-seed mean=9.5138e+04 +/- 2.068e+04   x0.81 vs PS
    L1 norm          scales234  n= 5  FoM3 pooled=1.7980e+05  per-seed mean=2.1081e+05 +/- 6.791e+04   x1.80 vs PS

### 14000 deg^2
    PS baryon-safe lmax : 460
    HOS scale set       : scales234
    Power spectrum   l37-460    n= 5  FoM3 pooled=1.4152e+05  per-seed mean=1.4506e+05 +/- 9.461e+03   x1.00 vs PS
    Peak counts      scales234  n= 6  FoM3 pooled=1.4167e+05  per-seed mean=1.5483e+05 +/- 3.486e+04   x1.07 vs PS
    L1 norm          scales234  n= 5  FoM3 pooled=2.2367e+05  per-seed mean=2.6102e+05 +/- 8.238e+04   x1.80 vs PS

### 28000 deg^2
    PS baryon-safe lmax : 380
    HOS scale set       : scales234
    Power spectrum   l37-380    n= 5  FoM3 pooled=2.1146e+05  per-seed mean=2.1967e+05 +/- 1.346e+04   x1.00 vs PS
    Peak counts      scales234  n= 5  FoM3 pooled=3.5518e+05  per-seed mean=3.9605e+05 +/- 1.007e+05   x1.80 vs PS
                     dropped 1: [(1, 'ValueError')]
    L1 norm          scales234  n= 5  FoM3 pooled=6.7106e+05  per-seed mean=7.9522e+05 +/- 1.583e+05   x3.62 vs PS

### 35000 deg^2
    PS baryon-safe lmax : 340
    HOS scale set       : scales234
    Power spectrum   l37-340    n= 5  FoM3 pooled=2.0121e+05  per-seed mean=2.0607e+05 +/- 1.624e+04   x1.00 vs PS
    Peak counts      scales234  n= 5  FoM3 pooled=6.2757e+05  per-seed mean=6.9665e+05 +/- 1.567e+05   x3.38 vs PS
                     dropped 1: [(1, 'ValueError')]
    L1 norm          scales234  n= 5  FoM3 pooled=1.0891e+06  per-seed mean=1.1386e+06 +/- 1.332e+05   x5.53 vs PS

### full sky
    PS baryon-safe lmax : 300
    HOS scale set       : scales234
    Power spectrum   l37-300    n= 5  FoM3 pooled=3.5366e+05  per-seed mean=3.9132e+05 +/- 6.060e+04   x1.00 vs PS
    Peak counts      scales234  n= 5  FoM3 pooled=5.9264e+05  per-seed mean=6.3974e+05 +/- 7.191e+04   x1.63 vs PS
    L1 norm          scales234  n= 5  FoM3 pooled=1.3124e+06  per-seed mean=1.4345e+06 +/- 2.139e+05   x3.67 vs PS

====================================================================================================
SUMMARY: 21 of 21 cells have a usable posterior

====================================================================================================
TABLE 3  --  FoM_3 / 10000, SEM errors, PS cut rule 'mean'
====================================================================================================
\begin{tabular}{lccccccc}
\hline\hline
Statistic & 2,000 deg$^2$ & 5,000 deg$^2$ & 10,000 deg$^2$ & 14,000 deg$^2$ & 28,000 deg$^2$ & 35,000 deg$^2$ & Full Sky \\
\hline
PS & 2.3 $\pm$ 0.1 & 5.0 $\pm$ 0.3 & 11.7 $\pm$ 0.7 & 14.5 $\pm$ 0.4 & 22.0 $\pm$ 0.6 & 20.6 $\pm$ 0.7 & 39.1 $\pm$ 2.7 \\
Starlet peak counts & 1.1 $\pm$ 0.1 ($\times$0.46 $\pm$ 0.03) & 4.1 $\pm$ 0.2 ($\times$0.81 $\pm$ 0.06) & 9.5 $\pm$ 0.8 ($\times$0.81 $\pm$ 0.09) & 15.5 $\pm$ 1.4 ($\times$1.07 $\pm$ 0.10) & 39.6 $\pm$ 4.5 ($\times$1.80 $\pm$ 0.21) & 69.7 $\pm$ 7.0 ($\times$3.38 $\pm$ 0.36) & 64.0 $\pm$ 3.2 ($\times$1.63 $\pm$ 0.14) \\
Starlet $\ell_1$-norm & 2.7 $\pm$ 0.1 ($\times$1.15 $\pm$ 0.07) & 10.3 $\pm$ 0.2 ($\times$2.05 $\pm$ 0.12) & 21.1 $\pm$ 3.0 ($\times$1.80 $\pm$ 0.28) & 26.1 $\pm$ 3.7 ($\times$1.80 $\pm$ 0.26) & 79.5 $\pm$ 7.1 ($\times$3.62 $\pm$ 0.34) & 113.9 $\pm$ 6.0 ($\times$5.53 $\pm$ 0.35) & 143.4 $\pm$ 9.6 ($\times$3.67 $\pm$ 0.35) \\
\hline
\end{tabular}

PS cuts used: 2000=l37-860, 5000=l37-580, 10000=l37-540, 14000=l37-460, 28000=l37-380, 35000=l37-340, fullsky=l37-300

wrote docs/tables/baryon_safe_fom_mean_sem.csv
